      -----------------------------------------------------------      
     |                   =====================                   |     
     |                           x T B                           |     
     |                   =====================                   |     
     |                         S. Grimme                         |     
     |          Mulliken Center for Theoretical Chemistry        |     
     |                    University of Bonn                     |     
      -----------------------------------------------------------      

   * xtb version 6.5.1 (579679a) compiled by 'ehlert@majestix' on 2022-07-11

   xtb is free software: you can redistribute it and/or modify it under
   the terms of the GNU Lesser General Public License as published by
   the Free Software Foundation, either version 3 of the License, or
   (at your option) any later version.
   
   xtb is distributed in the hope that it will be useful,
   but WITHOUT ANY WARRANTY; without even the implied warranty of
   MERCHANTABILITY or FITNESS FOR A PARTICULAR PURPOSE.  See the
   GNU Lesser General Public License for more details.
   
   Cite this work as:
   * C. Bannwarth, E. Caldeweyher, S. Ehlert, A. Hansen, P. Pracht,
     J. Seibert, S. Spicher, S. Grimme, WIREs Comput. Mol. Sci., 2020, 11,
     e01493. DOI: 10.1002/wcms.1493
   
   for GFN2-xTB:
   * C. Bannwarth, S. Ehlert and S. Grimme., J. Chem. Theory Comput., 2019,
     15, 1652-1671. DOI: 10.1021/acs.jctc.8b01176
   for GFN1-xTB:
   * S. Grimme, C. Bannwarth, P. Shushkov, J. Chem. Theory Comput., 2017,
     13, 1989-2009. DOI: 10.1021/acs.jctc.7b00118
   for GFN0-xTB:
   * P. Pracht, E. Caldeweyher, S. Ehlert, S. Grimme, ChemRxiv, 2019, preprint.
     DOI: 10.26434/chemrxiv.8326202.v1
   for GFN-FF:
   * S. Spicher and S. Grimme, Angew. Chem. Int. Ed., 2020, 59, 15665-15673.
     DOI: 10.1002/anie.202004239
   
   for ALPB and GBSA implicit solvation:
   * S. Ehlert, M. Stahn, S. Spicher, S. Grimme, J. Chem. Theory Comput.,
     2021, 17, 4250-4261. DOI: 10.1021/acs.jctc.1c00471
   
   for DFT-D4:
   * E. Caldeweyher, C. Bannwarth and S. Grimme, J. Chem. Phys., 2017,
     147, 034112. DOI: 10.1063/1.4993215
   * E. Caldeweyher, S. Ehlert, A. Hansen, H. Neugebauer, S. Spicher,
     C. Bannwarth and S. Grimme, J. Chem. Phys., 2019, 150, 154122.
     DOI: 10.1063/1.5090222
   * E. Caldeweyher, J.-M. Mewes, S. Ehlert and S. Grimme, Phys. Chem. Chem. Phys.
     2020, 22, 8499-8512. DOI: 10.1039/D0CP00502A
   
   for sTDA-xTB:
   * S. Grimme and C. Bannwarth, J. Chem. Phys., 2016, 145, 054103.
     DOI: 10.1063/1.4959605
   
   in the mass-spec context:
   * V. Asgeirsson, C. Bauer and S. Grimme, Chem. Sci., 2017, 8, 4879.
     DOI: 10.1039/c7sc00601b
   * J. Koopman and S. Grimme, ACS Omega 2019, 4, 12, 15120-15133.
     DOI: 10.1021/acsomega.9b02011
   
   for metadynamics refer to:
   * S. Grimme, J. Chem. Theory Comput., 2019, 155, 2847-2862
     DOI: 10.1021/acs.jctc.9b00143
   
   for SPH calculations refer to:
   * S. Spicher and S. Grimme, J. Chem. Theory Comput., 2021, 17, 1701-1714
     DOI: 10.1021/acs.jctc.0c01306
   
   with help from (in alphabetical order)
   P. Atkinson, C. Bannwarth, F. Bohle, G. Brandenburg, E. Caldeweyher
   M. Checinski, S. Dohm, S. Ehlert, S. Ehrlich, I. Gerasimov, C. Hölzer
   A. Katbashev, J. Koopman, C. Lavigne, S. Lehtola, F. März, M. Müller,
   F. Musil, H. Neugebauer, J. Pisarek, C. Plett, P. Pracht, F. Pultar,
   J. Seibert, P. Shushkov, S. Spicher, M. Stahn, M. Steiner, T. Strunk,
   J. Stückrath, T. Rose, and J. Unsleber
   
 * started run on 2022/08/16 at 11:54:22.267     

           -------------------------------------------------
          |                Calculation Setup                |
           -------------------------------------------------

          program call               : xtb -c 0 -u 0 input.xyz --ohess
          coordinate file            : input.xyz
          omp threads                :                     8

   ID    Z sym.   atoms
    1    1 H      1, 2

           -------------------------------------------------
          |                 G F N 2 - x T B                 |
           -------------------------------------------------

        Reference                      10.1021/acs.jctc.8b01176
      * Hamiltonian:
        H0-scaling (s, p, d)           1.850000    2.230000    2.230000
        zeta-weighting                 0.500000
      * Dispersion:
        s8                             2.700000
        a1                             0.520000
        a2                             5.000000
        s9                             5.000000
      * Repulsion:
        kExp                           1.500000    1.000000
        rExp                           1.000000
      * Coulomb:
        alpha                          2.000000
        third order                    shell-resolved
        anisotropic                    true
        a3                             3.000000
        a5                             4.000000
        cn-shift                       1.200000
        cn-exp                         4.000000
        max-rad                        5.000000


          ...................................................
          :                      SETUP                      :
          :.................................................:
          :  # basis functions                   2          :
          :  # atomic orbitals                   2          :
          :  # shells                            2          :
          :  # electrons                         2          :
          :  max. iterations                   250          :
          :  Hamiltonian                  GFN2-xTB          :
          :  restarted?                      false          :
          :  GBSA solvation                  false          :
          :  PC potential                    false          :
          :  electronic temp.          300.0000000     K    :
          :  accuracy                    1.0000000          :
          :  -> integral cutoff          0.2500000E+02      :
          :  -> integral neglect         0.1000000E-07      :
          :  -> SCF convergence          0.1000000E-05 Eh   :
          :  -> wf. convergence          0.1000000E-03 e    :
          :  Broyden damping             0.4000000          :
          ...................................................

 iter      E             dE          RMSdq      gap      omega  full diag
   1     -1.0272607 -0.102726E+01  0.380E+00   22.34       0.0  T
   2     -1.0272607 -0.222045E-15  0.228E+00   21.27       1.0  T
   3     -1.0272607  0.222045E-15  0.137E-04   19.67     516.9  T
   4     -1.0272607  0.000000E+00  0.492E-12   19.67  100000.0  T

   *** convergence criteria satisfied after 4 iterations ***

         #    Occupation            Energy/Eh            Energy/eV
      -------------------------------------------------------------
         1        2.0000           -0.4768176             -12.9749 (HOMO)
         2                          0.2461838               6.6990 (LUMO)
      -------------------------------------------------------------
                  HL-Gap            0.7230014 Eh           19.6739 eV
             Fermi-level           -0.1153169 Eh           -3.1379 eV

 SCC (total)                   0 d,  0 h,  0 min,  0.080 sec
 SCC setup                      ...        0 min,  0.008 sec (  9.955%)
 Dispersion                     ...        0 min,  0.000 sec (  0.037%)
 classical contributions        ...        0 min,  0.000 sec (  0.014%)
 integral evaluation            ...        0 min,  0.000 sec (  0.088%)
 iterations                     ...        0 min,  0.072 sec ( 89.701%)
 molecular gradient             ...        0 min,  0.000 sec (  0.145%)
 printout                       ...        0 min,  0.000 sec (  0.039%)

         :::::::::::::::::::::::::::::::::::::::::::::::::::::
         ::                     SUMMARY                     ::
         :::::::::::::::::::::::::::::::::::::::::::::::::::::
         :: total energy              -0.980023008497 Eh    ::
         :: gradient norm              0.063102503738 Eh/a0 ::
         :: HOMO-LUMO gap             19.673869520522 eV    ::
         ::.................................................::
         :: SCC energy                -1.027260719553 Eh    ::
         :: -> isotropic ES            0.000000000000 Eh    ::
         :: -> anisotropic ES          0.007188771365 Eh    ::
         :: -> anisotropic XC          0.008263074880 Eh    ::
         :: -> dispersion             -0.000052268035 Eh    ::
         :: repulsion energy           0.047237711056 Eh    ::
         :: add. restraining           0.000000000000 Eh    ::
         :: total charge              -0.000000000000 e     ::
         :::::::::::::::::::::::::::::::::::::::::::::::::::::

      ----------------------------------------------------------- 
     |                   =====================                   |
     |                        A N C O P T                        |
     |                   =====================                   |
     |               Approximate Normal Coordinate               |
     |                Rational Function Optimizer                |
      ----------------------------------------------------------- 

          ...................................................
          :                      SETUP                      :
          :.................................................:
          :   optimization level            normal          :
          :   max. optcycles                   200          :
          :   ANC micro-cycles                  20          :
          :   degrees of freedom                 1          :
          :.................................................:
          :   RF solver                   davidson          :
          :   write xtbopt.log                true          :
          :   linear (good luck)              true          :
          :   energy convergence         0.5000000E-05 Eh   :
          :   grad. convergence          0.1000000E-02 Eh/α :
          :   maximium RF displ.         1.0000000          :
          :   Hlow (freq-cutoff)         0.1000000E-01      :
          :   Hmax (freq-cutoff)         5.0000000          :
          :   S6 in model hess.         20.0000000          :
          ...................................................

generating ANC from model Hessian ...
Using Lindh-Hessian (1995)
 Shifting diagonal of input Hessian by   0.000000000000000E+000
 Lowest  eigenvalues of input Hessian
    0.000000    0.000000    0.000000    0.000000    0.000000    0.826380
 Highest eigenvalues
    0.000000    0.000000    0.000000    0.000000    0.000000    0.826380
 

........................................................................
.............................. CYCLE    1 ..............................
........................................................................
   1     -1.0272607 -0.102726E+01  0.245E-12   19.67       0.0  T
   2     -1.0272607  0.222045E-15  0.122E-12   19.67  100000.0  T
   3     -1.0272607  0.000000E+00  0.651E-15   19.67  100000.0  T
     SCC iter.                  ...        0 min,  0.000 sec
     gradient                   ...        0 min,  0.000 sec
 * total energy  :    -0.9800230 Eh     change        0.0000000E+00 Eh
   gradient norm :     0.0631025 Eh/α   predicted     0.0000000E+00 (    NaN%)
   displ. norm   :     0.0759200 α      lambda       -0.4790743E-02
   maximum displ.:     0.0759200 α      in ANC's #1, #1, #1, ...

........................................................................
.............................. CYCLE    2 ..............................
........................................................................
   1     -1.0170947 -0.101709E+01  0.363E-01   16.76       0.0  T
   2     -1.0170947  0.444089E-15  0.218E-01   16.72       1.0  T
   3     -1.0170947 -0.444089E-15  0.131E-05   16.65    5416.1  T
   4     -1.0170947  0.222045E-15  0.317E-13   16.65  100000.0  T
     SCC iter.                  ...        0 min,  0.000 sec
     gradient                   ...        0 min,  0.000 sec
 * total energy  :    -0.9826167 Eh     change       -0.2593727E-02 Eh
   gradient norm :     0.0088696 Eh/α   predicted    -0.2409179E-02 (  -7.12%)
   displ. norm   :     0.0124146 α      lambda       -0.1101098E-03
   maximum displ.:     0.0124146 α      in ANC's #1, #1, #1, ...

........................................................................
.............................. CYCLE    3 ..............................
........................................................................
   1     -1.0154486 -0.101545E+01  0.587E-02   16.23       0.0  T
   2     -1.0154486  0.222045E-15  0.352E-02   16.23       2.0  T
   3     -1.0154486 -0.222045E-15  0.525E-07   16.22  100000.0  T
   4     -1.0154486  0.000000E+00  0.518E-14   16.22  100000.0  T
     SCC iter.                  ...        0 min,  0.000 sec
     gradient                   ...        0 min,  0.000 sec
 * total energy  :    -0.9826830 Eh     change       -0.6622004E-04 Eh
   gradient norm :     0.0018706 Eh/α   predicted    -0.5506468E-04 ( -16.85%)
   displ. norm   :     0.0049770 α      lambda       -0.6208048E-05
   maximum displ.:     0.0049770 α      in ANC's #1, #1, #1, ...

........................................................................
.............................. CYCLE    4 ..............................
........................................................................
   1     -1.0147902 -0.101479E+01  0.235E-02   16.05       0.0  T
   2     -1.0147902  0.000000E+00  0.141E-02   16.05       5.0  T
   3     -1.0147902 -0.222045E-15  0.336E-08   16.05  100000.0  T
   4     -1.0147902  0.000000E+00  0.240E-14   16.05  100000.0  T
     SCC iter.                  ...        0 min,  0.000 sec
     gradient                   ...        0 min,  0.000 sec
 * total energy  :    -0.9826856 Eh     change       -0.2595041E-05 Eh
   gradient norm :     0.0008169 Eh/α   predicted    -0.3103406E-05 (  19.59%)
   displ. norm   :     0.0015128 α      lambda       -0.8266135E-06
   maximum displ.:     0.0015128 α      in ANC's #1, #1, #1, ...

   *** GEOMETRY OPTIMIZATION CONVERGED AFTER 4 ITERATIONS ***

------------------------------------------------------------------------
 total energy gain   :        -0.0026625 Eh       -1.6708 kcal/mol
 total RMSD          :         0.0659813 a0        0.0349 Å
 total power (kW/mol):        -1.7476261 (step) -279.4539 (real)
------------------------------------------------------------------------

 ANCopt (total)                0 d,  0 h,  0 min,  0.025 sec
 optimizer setup                ...        0 min,  0.004 sec ( 16.012%)
 model hessian                  ...        0 min,  0.000 sec (  0.096%)
 ANC generation                 ...        0 min,  0.000 sec (  0.224%)
 coordinate transformation      ...        0 min,  0.000 sec (  0.064%)
 single point calculation       ...        0 min,  0.009 sec ( 36.404%)
 optimization log               ...        0 min,  0.008 sec ( 30.510%)
 hessian update                 ...        0 min,  0.000 sec (  0.075%)
 rational function              ...        0 min,  0.000 sec (  0.419%)

================
 final structure:
================
2
 xtb: 6.5.1 (579679a)
H           -0.57113451310900        0.78326904653024        0.00000000000000
H            0.20489451310900        0.83631095346976        0.00000000000000
 
 Bond Distances (Angstroems)
 ---------------------------
H1-H2=0.7778         H2-H1=0.7778         
 H  H  Rav=0.7778 sigma=0.0000  Rmin=0.7778  Rmax=0.7778     1
 
 selected bond angles (degree)
 --------------------

 
 selected dihedral angles (degree)
 ---------------------------------

           -------------------------------------------------
          |                Final Singlepoint                |
           -------------------------------------------------

          ...................................................
          :                      SETUP                      :
          :.................................................:
          :  # basis functions                   2          :
          :  # atomic orbitals                   2          :
          :  # shells                            2          :
          :  # electrons                         2          :
          :  max. iterations                   250          :
          :  Hamiltonian                  GFN2-xTB          :
          :  restarted?                      false          :
          :  GBSA solvation                  false          :
          :  PC potential                    false          :
          :  electronic temp.          300.0000000     K    :
          :  accuracy                    1.0000000          :
          :  -> integral cutoff          0.2500000E+02      :
          :  -> integral neglect         0.1000000E-07      :
          :  -> SCF convergence          0.1000000E-05 Eh   :
          :  -> wf. convergence          0.1000000E-03 e    :
          :  Broyden damping             0.4000000          :
          ...................................................

 iter      E             dE          RMSdq      gap      omega  full diag
   1     -1.0147902 -0.101479E+01  0.554E-15   16.05       0.0  T
   2     -1.0147902  0.000000E+00  0.291E-15   16.05  100000.0  T
   3     -1.0147902  0.000000E+00  0.204E-15   16.05  100000.0  T

   *** convergence criteria satisfied after 3 iterations ***

         #    Occupation            Energy/Eh            Energy/eV
      -------------------------------------------------------------
         1        2.0000           -0.4645375             -12.6407 (HOMO)
         2                          0.1251799               3.4063 (LUMO)
      -------------------------------------------------------------
                  HL-Gap            0.5897175 Eh           16.0470 eV
             Fermi-level           -0.1696788 Eh           -4.6172 eV

 SCC (total)                   0 d,  0 h,  0 min,  0.012 sec
 SCC setup                      ...        0 min,  0.004 sec ( 32.591%)
 Dispersion                     ...        0 min,  0.000 sec (  0.083%)
 classical contributions        ...        0 min,  0.000 sec (  0.049%)
 integral evaluation            ...        0 min,  0.000 sec (  0.223%)
 iterations                     ...        0 min,  0.008 sec ( 66.274%)
 molecular gradient             ...        0 min,  0.000 sec (  0.489%)
 printout                       ...        0 min,  0.000 sec (  0.174%)

         :::::::::::::::::::::::::::::::::::::::::::::::::::::
         ::                     SUMMARY                     ::
         :::::::::::::::::::::::::::::::::::::::::::::::::::::
         :: total energy              -0.982685550933 Eh    ::
         :: gradient norm              0.000816912160 Eh/a0 ::
         :: HOMO-LUMO gap             16.047029443903 eV    ::
         ::.................................................::
         :: SCC energy                -1.014790169096 Eh    ::
         :: -> isotropic ES            0.000000000000 Eh    ::
         :: -> anisotropic ES          0.008511262013 Eh    ::
         :: -> anisotropic XC          0.009193156699 Eh    ::
         :: -> dispersion             -0.000053192944 Eh    ::
         :: repulsion energy           0.032104618163 Eh    ::
         :: add. restraining           0.000000000000 Eh    ::
         :: total charge              -0.000000000000 e     ::
         :::::::::::::::::::::::::::::::::::::::::::::::::::::

           ------------------------------------------------- 
          |                Numerical Hessian                |
           ------------------------------------------------- 
step length          :   0.00500
SCC accuracy         :   0.30000
Hessian scale factor :   1.00000
frozen atoms in %    :   0.00000    0
RMS gradient         :   0.00082

writing file <hessian>.

 vibrational frequencies (cm⁻¹)
eigval :        0.00     0.00     0.00     0.00     0.00  3739.83
           -------------------------------------------------
          |                Property Printout                |
           -------------------------------------------------

    * Orbital Energies and Occupations

         #    Occupation            Energy/Eh            Energy/eV
      -------------------------------------------------------------
         1        2.0000           -0.4645375             -12.6407 (HOMO)
         2                          0.1251799               3.4063 (LUMO)
      -------------------------------------------------------------
                  HL-Gap            0.5897175 Eh           16.0470 eV
             Fermi-level           -0.1696788 Eh           -4.6172 eV

     #   Z          covCN         q      C6AA      α(0)
     1   1 H        0.810     0.000     3.108     2.768
     2   1 H        0.810    -0.000     3.108     2.768

 Mol. C6AA /au·bohr⁶  :         12.431348
 Mol. C8AA /au·bohr⁸  :        150.274483
 Mol. α(0) /au        :          5.536296


Wiberg/Mayer (AO) data.
largest (>0.10) Wiberg bond orders for each atom

 ---------------------------------------------------------------------------
     #   Z sym  total        # sym  WBO       # sym  WBO       # sym  WBO
 ---------------------------------------------------------------------------
     1   1 H    1.000 --     2 H    1.000
     2   1 H    1.000 --     1 H    1.000
 ---------------------------------------------------------------------------

Topologies differ in total number of bonds
Writing topology from bond orders to xtbtopo.mol

molecular dipole:
                 x           y           z       tot (Debye)
 q only:       -0.000      -0.000       0.000
   full:        0.000      -0.000       0.000       0.000
molecular quadrupole (traceless):
                xx          xy          yy          xz          yz          zz
 q only:        0.000      -0.000      -0.000       0.000       0.000      -0.000
  q+dip:        0.837       0.086      -0.415      -0.000      -0.000      -0.421
   full:        0.336       0.035      -0.167      -0.000      -0.000      -0.169

           -------------------------------------------------
          |                Geometry Summary                 |
           -------------------------------------------------

      molecular mass/u    :        2.0158815
   center of mass at/Å    :       -0.1831158       0.8097910      -0.0000008
  moments of inertia/u·Å² :        0.2691610E-16   0.3049195E+00   0.3049195E+00
rotational constants/cm⁻¹ :        0.6263029E+18   0.5528551E+02   0.5528551E+02

 * 1 selected distances

     #   Z          #   Z                                           value/Å
     0   0          0   0                                         0.0000000 (max)

 * 0 distinct bonds (by element types)

   Z      Z             #   av. dist./Å        max./Å        min./Å

           -------------------------------------------------
          |               Frequency Printout                |
           -------------------------------------------------
 vibrational frequencies (cm⁻¹)
eigval :        0.00     0.00     0.00     0.00     0.00  3739.83
 reduced masses (amu)
   1:  1.01   2:  1.01   3:  1.01   4:  1.01   5:  1.01   6:  1.01
 IR intensities (km·mol⁻¹)
   1:  0.00   2:  0.00   3:  0.00   4:  0.00   5:  0.00   6:  0.00
 Raman intensities (amu)
   1:  0.00   2:  0.00   3:  0.00   4:  0.00   5:  0.00   6:  0.00
 output can be read by thermo (or use thermo option).
 writing <g98.out> molden fake output.
 recommended (thermochemical) frequency scaling factor: 1.0
           -------------------------------------------------
          |             Thermodynamic Functions             |
           -------------------------------------------------

Molecule has the following symmetry elements: (i) (Cinf) (C2) 2*(sigma) 
It seems to be the Dinfh point group
din symmetry found (for desy threshold:  0.10E+00) used in thermo

          ...................................................
          :                      SETUP                      :
          :.................................................:
          :  # frequencies                           1      :
          :  # imaginary freq.                       0      :
          :  linear?                              true      :
          :  only rotor calc.                    false      :
          :  symmetry                              din      :
          :  rotational number                       2      :
          :  scaling factor                  1.0000000      :
          :  rotor cutoff                   50.0000000 cm⁻¹ :
          :  imag. cutoff                  -20.0000000 cm⁻¹ :
          :.................................................:

    mode    ω/cm⁻¹     T·S(HO)/kcal·mol⁻¹    T·S(FR)/kcal·mol⁻¹   T·S(vib)
   ------------------------------------------------------------------------
   ------------------------------------------------------------------------

   temp. (K)  partition function   enthalpy   heat capacity  entropy
                                   cal/mol     cal/K/mol   cal/K/mol   J/K/mol
 298.15  VIB   1.00                    0.000      0.000      0.000
         ROT   1.87                  592.502      1.987      3.236
         INT   1.87                  592.502      1.987      3.236
         TR   0.277E+25             1481.254      4.968     28.068
         TOT                        2073.7556     6.9554    31.3035   130.9738

       T/K    H(0)-H(T)+PV         H(T)/Eh          T*S/Eh         G(T)/Eh
   ------------------------------------------------------------------------
    298.15    0.330474E-02    0.118247E-01    0.148733E-01   -0.304861E-02
   ------------------------------------------------------------------------

         :::::::::::::::::::::::::::::::::::::::::::::::::::::
         ::                  THERMODYNAMIC                  ::
         :::::::::::::::::::::::::::::::::::::::::::::::::::::
         :: total free energy          -0.985734157619 Eh   ::
         ::.................................................::
         :: total energy               -0.982685550933 Eh   ::
         :: zero point energy           0.008519948496 Eh   ::
         :: G(RRHO) w/o ZPVE           -0.011568555182 Eh   ::
         :: G(RRHO) contrib.           -0.003048606686 Eh   ::
         :::::::::::::::::::::::::::::::::::::::::::::::::::::

optimized geometry written to: xtbopt.xyz


           -------------------------------------------------
          | TOTAL ENERGY               -0.982685550933 Eh   |
          | TOTAL ENTHALPY             -0.970860862458 Eh   |
          | TOTAL FREE ENERGY          -0.985734157619 Eh   |
          | GRADIENT NORM               0.000816912160 Eh/α |
          | HOMO-LUMO GAP              16.047029443903 eV   |
           -------------------------------------------------

------------------------------------------------------------------------
 * finished run on 2022/08/16 at 11:54:23.285     
------------------------------------------------------------------------
 total:
 * wall-time:     0 d,  0 h,  0 min,  1.018 sec
 *  cpu-time:     0 d,  0 h,  0 min,  4.036 sec
 * ratio c/w:     3.965 speedup
 SCF:
 * wall-time:     0 d,  0 h,  0 min,  0.080 sec
 *  cpu-time:     0 d,  0 h,  0 min,  0.434 sec
 * ratio c/w:     5.401 speedup
 ANC optimizer:
 * wall-time:     0 d,  0 h,  0 min,  0.080 sec
 *  cpu-time:     0 d,  0 h,  0 min,  0.435 sec
 * ratio c/w:     5.470 speedup
 analytical hessian:
 * wall-time:     0 d,  0 h,  0 min,  0.208 sec
 *  cpu-time:     0 d,  0 h,  0 min,  0.867 sec
 * ratio c/w:     4.169 speedup

